
dhiru@LAPTOP-9R846ETD MINGW64 /d/Git Code/MyStudy
$ echo "# MySpringBootStudy"
# MySpringBootStudy

dhiru@LAPTOP-9R846ETD MINGW64 /d/Git Code/MyStudy
$ git init
Initialized empty Git repository in D:/Git Code/MyStudy/.git/

dhiru@LAPTOP-9R846ETD MINGW64 /d/Git Code/MyStudy (master)
$ git add README.md
fatal: pathspec 'README.md' did not match any files

dhiru@LAPTOP-9R846ETD MINGW64 /d/Git Code/MyStudy (master)
$ git status
On branch master

No commits yet

Untracked files:
  (use "git add <file>..." to include in what will be committed)
        README.MD

nothing added to commit but untracked files present (use "git add" to track)

dhiru@LAPTOP-9R846ETD MINGW64 /d/Git Code/MyStudy (master)
$ git add README.md

dhiru@LAPTOP-9R846ETD MINGW64 /d/Git Code/MyStudy (master)
$ git commit -m "adding readme file"
Author identity unknown

*** Please tell me who you are.

Run

  git config --global user.email "you@example.com"
  git config --global user.name "Your Name"

to set your account's default identity.
Omit --global to set the identity only in this repository.

fatal: unable to auto-detect email address (got 'dhiru@LAPTOP-9R846ETD.(none)')

dhiru@LAPTOP-9R846ETD MINGW64 /d/Git Code/MyStudy (master)
$ git config --global user.email "dsoftware1137@gmail.com"

dhiru@LAPTOP-9R846ETD MINGW64 /d/Git Code/MyStudy (master)
$ git config --global user.name "dsoftware1137"

dhiru@LAPTOP-9R846ETD MINGW64 /d/Git Code/MyStudy (master)
$ git remote add origin https://github.com/dsoftware1137/MySpringBootStudy.git

dhiru@LAPTOP-9R846ETD MINGW64 /d/Git Code/MyStudy (master)
$ git push -u origin main
error: src refspec main does not match any
error: failed to push some refs to 'https://github.com/dsoftware1137/MySpringBootStudy.git'

dhiru@LAPTOP-9R846ETD MINGW64 /d/Git Code/MyStudy (master)
$ git branch

dhiru@LAPTOP-9R846ETD MINGW64 /d/Git Code/MyStudy (master)
$ git branch main
fatal: Not a valid object name: 'master'.

dhiru@LAPTOP-9R846ETD MINGW64 /d/Git Code/MyStudy (master)
$ git branch -M main

dhiru@LAPTOP-9R846ETD MINGW64 /d/Git Code/MyStudy (main)
$ git push -u origin main
error: src refspec main does not match any
error: failed to push some refs to 'https://github.com/dsoftware1137/MySpringBootStudy.git'

dhiru@LAPTOP-9R846ETD MINGW64 /d/Git Code/MyStudy (main)
$ git push
fatal: The current branch main has no upstream branch.
To push the current branch and set the remote as upstream, use

    git push --set-upstream origin main


dhiru@LAPTOP-9R846ETD MINGW64 /d/Git Code/MyStudy (main)
$ git push --set-upstream origin main
error: src refspec main does not match any
error: failed to push some refs to 'https://github.com/dsoftware1137/MySpringBootStudy.git'

dhiru@LAPTOP-9R846ETD MINGW64 /d/Git Code/MyStudy (main)
$ git push --set-upstream origin Main
error: src refspec Main does not match any
error: failed to push some refs to 'https://github.com/dsoftware1137/MySpringBootStudy.git'
